// Vitest Snapshot v1, https://vitest.dev/guide/snapshot.html

exports[`Radio > renders a match to the previous snapshot 1`] = `
<DocumentFragment>
  <div
    class="bf-usa-radio usa-radio"
    data-testid="radio"
  >
    <input
      class="bf-usa-radio__input usa-radio__input "
      type="radio"
      value=""
    />
    <label
      class="bf-usa-radio__label usa-radio__label bf-usa-label usa-label"
    />
  </div>
</DocumentFragment>
`;
