// Vitest Snapshot v1, https://vitest.dev/guide/snapshot.html

exports[`BenefitAccordionGroup > renders a match to the previous snapshot 1`] = `
<DocumentFragment>
  <div
    class="bf-usa-accordion-group"
  >
    <div
      class="bf-usa-accordion usa-accordion"
      data-test-accordion-title="COVID-19 funeral assistance"
      data-testid="bf-usa-accordion"
    >
      <h4
        class="bf-usa-accordion__heading usa-accordion__heading"
        data-testid="accordion-heading"
      >
        <button
          aria-controls="covid-19-funeral-assistance"
          aria-expanded="false"
          class="bf-usa-accordion__button usa-accordion__button"
          type="button"
        >
          <span
            class="bf-accordion-heading"
          >
            COVID-19 funeral assistance
          </span>
          <br />
          <span
            class="bf-accordion-sub-heading"
          >
            More information needed
          </span>
          <i
            aria-hidden="true"
            data-testid="icon-open"
          >
            <svg
              class="bf-open"
              height="24"
              viewBox="0 0 24 24"
              width="24"
              xmlns="http://www.w3.org/2000/svg"
            >
              <path
                d="M0 0h24v24H0z"
                fill="none"
              />
              <path
                d="M19 13h-6v6h-2v-6H5v-2h6V5h2v6h6v2z"
                fill="none"
              />
            </svg>
          </i>
        </button>
      </h4>
      <div
        class="bf-usa-accordion__content usa-accordion__content usa-prose"
        hidden=""
        id="covid-19-funeral-assistance"
      >
        <div>
          <h4
            aria-level="4"
            class="bf-usa-detail-title "
            role="heading"
          >
            By  Federal Emergency Management Agency (FEMA)
          </h4>
          <div
            class="bf-usa-detail-summary"
          >
            <p>
              Financial assistance for burial and funeral costs for someone who died of COVID-19. To be eligible, you have not been reimbursed from an organization or agency.
            </p>
          </div>
          <div
            class="bf-usa-criteria-list bf-key-eligibility-criteria-group"
          >
             
            <h5
              aria-level="5"
              class="bf-key-eligibility-criteria-heading "
              role="heading"
            >
              Key eligibility criteria
              <span
                class="bf-key-eligibility-criteria-sub-heading"
              >
                 - Met  0 of
            5
              </span>
            </h5>
            <ul
              class="bf-key-eligibility-criteria-list"
              data-testid="bf-key-eligibility-criteria-list"
            />
          </div>
          <div
            class="bf-unmet-criteria-group"
          >
            <div
              class="bf-unmet-criteria-title"
            >
              More information needed
            </div>
            <ul
              class="bf-unmet-criteria-list"
            >
              <li
                class="bf-unmet-criteria-item"
              >
                The deceased's death was COVID-19 related
              </li>
              <li
                class="bf-unmet-criteria-item"
              >
                The deceased died in the U.S.
              </li>
              <li
                class="bf-unmet-criteria-item"
              >
                The deceased died after May 20th, 2020
              </li>
              <li
                class="bf-unmet-criteria-item"
              >
                You are a U.S. citizen or eligible non-citizen
              </li>
              <li
                class="bf-unmet-criteria-item"
              >
                You paid for funeral or burial expenses and were not reimbursed
              </li>
            </ul>
            <button
              class="bf-step-back-button bf-usa-button usa-button bf-usa-button--unstyled usa-button--unstyled"
              data-test="button"
              data-testid="bf-step-back-button"
              type="button"
            >
              Go back to start
            </button>
          </div>
          <div
            class="bf-usa-accordion-group-cta-wrapper"
          >
            <a
              class="bf-usa-link bf-usa-button usa-button bf-usa-button--secondary usa-button--secondary bf-obfuscated-link"
              data-testid="bf-benefit-link"
              href="https://www.fema.gov/disasters/coronavirus/economic/funeral-assistance"
              rel="noopener noreferrer"
              target="_blank"
            >
              Visit  Federal Emergency Management Agency (FEMA) 
            </a>
          </div>
        </div>
      </div>
    </div>
  </div>
</DocumentFragment>
`;
