// Vitest Snapshot v1, https://vitest.dev/guide/snapshot.html

exports[`ObfuscatedLink > renders a match to the previous snapshot 1`] = `
<DocumentFragment>
  <a
    class="bf-usa-button usa-button bf-usa-button--secondary usa-button--secondary bf-obfuscated-link"
  >
    <i
      aria-hidden="true"
      data-testid="icon-carrot-solid"
    >
      <svg
        class="bf-carrot-solid"
        fill="black"
        height="24"
        viewBox="0 0 24 24"
        width="24"
        xmlns="http://www.w3.org/2000/svg"
      >
        <path
          d="M0 0h24v24H0z"
          fill="none"
        />
        <path
          d="M7 10l5 5 5-5z"
        />
      </svg>
    </i>
  </a>
</DocumentFragment>
`;
